# test path with unknown nodes with Dijkstra's algorithm

created graph simpleGraph

added node A to simpleGraph
added node B to simpleGraph
added node C to simpleGraph
added node D to simpleGraph
added node E to simpleGraph

added edge 5.000 from A to C in simpleGraph
added edge 10.000 from A to D in simpleGraph
added edge 20.000 from A to E in simpleGraph
added edge 4.000 from B to A in simpleGraph
added edge 6.000 from B to E in simpleGraph
added edge 6.000 from C to D in simpleGraph
added edge 1.000 from D to E in simpleGraph
added edge 2.000 from D to B in simpleGraph

unknown: J

unknown: J

unknown: K
unknown: J

